keymaps 0-2,3-5,8-9,12
keycode   1 = Escape           Escape          
	altgr	keycode   1 = bar           
	shift	altgr	keycode   1 = Break      
keycode   2 =      
keycode   3 =       
keycode   4 =      
keycode   5 =  
keycode   6 =           
keycode   7 =      
keycode   8 =  
keycode   9 =         
keycode  10 =  
keycode  11 =       
keycode  12 =   
keycode  13 =             
keycode  14 = Delete           Delete          
	control	keycode  14 = BackSpace       
	alt	keycode  14 = Meta_Delete
	altgr	keycode  14 = Remove     
keycode  15 = Tab              Tab             
	altgr	keycode  15 = Insert              
keycode  16 = +q              
	shift	keycode  16 = +Q              
	control	keycode  16 = Control_q       
	shift	control	keycode  16 = Control_q       
	altgr	keycode  16 = one             
	alt	keycode  16 = Meta_q      
	control	alt	keycode  16 = Meta_Control_q  
keycode  17 = +w              
	shift	keycode  17 = +W              
	control	keycode  17 = Control_w       
	shift	control	keycode  17 = Control_w       
	altgr	keycode  17 = two             
	shift	alt	keycode  17 = Meta_W          
	control	alt	keycode  17 = Meta_Control_w  
keycode  18 = +e              
	shift	keycode  18 = +E              
	control	keycode  18 = Control_e       
	shift	control	keycode  18 = Control_e       
	altgr	keycode  18 = three           
	shift	alt	keycode  18 = Meta_E          
	control	alt	keycode  18 = Meta_Control_e  
keycode  19 = +r              
	shift	keycode  19 = +R              
	control	keycode  19 = Control_r       
	shift	control	keycode  19 = Control_r       
	altgr	keycode  19 = four            
	shift	alt	keycode  19 = Meta_R          
	control	alt	keycode  19 = Meta_Control_r  
keycode  20 = +t              
	shift	keycode  20 = +T              
	control	keycode  20 = Control_t       
	shift	control	keycode  20 = Control_t       
	altgr	keycode  20 = five            
	shift	alt	keycode  20 = Meta_T          
	control	alt	keycode  20 = Meta_Control_t  
keycode  21 = +y              
	shift	keycode  21 = +Y              
	control	keycode  21 = Control_y       
	shift	control	keycode  21 = Control_y       
	altgr	keycode  21 = six             
	shift	alt	keycode  21 = asciicircum     
	control	alt	keycode  21 = Meta_Control_y  
keycode  22 = +u              
	shift	keycode  22 = +U              
	control	keycode  22 = Control_u       
	shift	control	keycode  22 = Control_u       
	altgr	keycode  22 = seven           
	shift	alt	keycode  22 = Meta_U          
	control	alt	keycode  22 = Meta_Control_u  
keycode  23 = +i              
	shift	keycode  23 = +I              
	control	keycode  23 = Tab             
	shift	control	keycode  23 = Tab             
	altgr	keycode  23 = eight           
	shift	alt	keycode  23 = Meta_I          
	control	alt	keycode  23 = Meta_Tab        
keycode  24 = +o              
	shift	keycode  24 = +O              
	control	keycode  24 = Control_o       
	shift	control	keycode  24 = Control_o       
	altgr	keycode  24 = nine            
	shift	alt	keycode  24 = Meta_O          
	control	alt	keycode  24 = Meta_Control_o  
keycode  25 = +p              
	shift	keycode  25 = +P              
	control	keycode  25 = Control_p       
	shift	control	keycode  25 = Control_p       
	altgr	keycode  25 = zero            
	shift	alt	keycode  25 = Meta_P          
	control	alt	keycode  25 = Meta_Control_p  
keycode  26 =  
keycode  27 =  
keycode  28 = Return          
	alt	keycode  28 = Meta_Control_m  
keycode  29 = Control         
keycode  30 = +a              
	shift	keycode  30 = +A              
	control	keycode  30 = Control_a       
	shift	control	keycode  30 = Control_a       
	altgr	keycode  30 = dollar          
	shift	alt	keycode  30 = Meta_A          
	control	alt	keycode  30 = Meta_Control_a  
keycode  31 = +s              
	shift	keycode  31 = +S              
	control	keycode  31 = Control_s       
	shift	control	keycode  31 = Control_s       
	altgr	keycode  31 = numbersign      
	shift	alt	keycode  31 = Meta_S          
	control	alt	keycode  31 = Meta_Control_s  
keycode  32 = +d              
	shift	keycode  32 = +D              
	control	keycode  32 = Control_d       
	shift	control	keycode  32 = Control_d       
	altgr	keycode  32 = ampersand       
	shift	alt	keycode  32 = Meta_D          
	control	alt	keycode  32 = Meta_Control_d  
keycode  33 = +f              
	shift	keycode  33 = +F              
	control	keycode  33 = Control_f       
	shift	control	keycode  33 = Control_f       
	altgr	keycode  33 = at              
	shift	alt	keycode  33 = Meta_F          
	control	alt	keycode  33 = Meta_Control_f  
keycode  34 = +g              
	shift	keycode  34 = +G              
	control	keycode  34 = Control_g       
	shift	control	keycode  34 = Control_g       
	altgr	keycode  34 = quotedbl        
	shift	alt	keycode  34 = Meta_G          
	control	alt	keycode  34 = Meta_Control_g  
keycode  35 = +h              
	shift	keycode  35 = +H              
	control	keycode  35 = BackSpace       
	shift	control	keycode  35 = BackSpace       
	altgr	keycode  35 = apostrophe      
	shift	alt	keycode  35 = Meta_H          
	control	alt	keycode  35 = Meta_BackSpace  
keycode  36 = +j              
	shift	keycode  36 = +J              
	control	keycode  36 = Linefeed        
	shift	control	keycode  36 = Linefeed        
	altgr	keycode  36 = bracketleft       
	shift	alt	keycode  36 = braceleft       
	control	alt	keycode  36 = Meta_Linefeed   
keycode  37 = +k              
	shift	keycode  37 = +K              
	control	keycode  37 = Control_k       
	shift	control	keycode  37 = Control_k       
	altgr	keycode  37 = bracketright      
	shift	altgr	keycode  37 = grave      
keycode  38 = +l              
	shift	keycode  38 = +L              
	control	keycode  38 = Control_l       
	shift	control	keycode  38 = Control_l       
	altgr	keycode  38 = minus           
	shift	altgr	keycode  38 = bar          
	control	alt	keycode  38 = Meta_Control_l  
keycode  39 = semicolon        asciitilde           
	altgr	keycode  39 = colon      
	shift	altgr	keycode  39 = asciicircum
keycode  40 =  
keycode  41 =       
keycode  42 = Shift           
keycode  43 =   
keycode  44 = +z              
	shift	keycode  44 = +Z              
	control	keycode  44 = Control_z       
	shift	control	keycode  44 = Control_z       
	altgr	keycode  44 = exclam          
	shift	alt	keycode  44 = Meta_Z          
	control	alt	keycode  44 = Meta_Control_z  
keycode  45 = +x              
	shift	keycode  45 = +X              
	control	keycode  45 = Control_x       
	shift	control	keycode  45 = Control_x       
	altgr	keycode  45 = slash           
	shift	altgr	keycode  45 = backslash         
	control	alt	keycode  45 = Meta_Control_x  
keycode  46 = +c              
	shift	keycode  46 = +C              
	control	keycode  46 = Control_c       
	shift	control	keycode  46 = Control_c       
	altgr	keycode  46 = plus            
	shift	alt	keycode  46 = Meta_C          
	control	alt	keycode  46 = Meta_Control_c  
keycode  47 = +v              
	shift	keycode  47 = +V              
	control	keycode  47 = Control_v       
	shift	control	keycode  47 = Control_v       
	altgr	keycode  47 = asterisk        
	shift	alt	keycode  47 = Meta_V          
	control	alt	keycode  47 = Meta_Control_v  
keycode  48 = +b              
	shift	keycode  48 = +B              
	control	keycode  48 = Control_b       
	shift	control	keycode  48 = Control_b       
	altgr	keycode  48 = equal           
	shift	alt	keycode  48 = Meta_B          
	control	alt	keycode  48 = Meta_Control_b  
keycode  49 = +n              
	shift	keycode  49 = +N              
	control	keycode  49 = Control_n       
	shift	control	keycode  49 = Control_n       
	altgr	keycode  49 = underscore      
	shift	alt	keycode  49 = Meta_N          
	control	alt	keycode  49 = Meta_Control_n  
keycode  50 = +m              
	shift	keycode  50 = +M              
	control	keycode  50 = Control_m       
	shift	control	keycode  50 = Control_m       
	altgr	keycode  50 = question        
	shift	altgr	keycode  50 = percent     
	control	alt	keycode  50 = Meta_Control_m  
keycode  51 = comma            parenleft           
	altgr	keycode  51 = less            
	shift	altgr	keycode  51 = braceleft     
keycode  52 = period           parenright        
	altgr	keycode  52 = greater         
	shift	altgr	keycode  52 = braceright    
keycode  53 =      
keycode  54 =             
keycode  55 =       
keycode  56 = AltGr            
keycode  57 = space            space           
	control	keycode  57 = nul             
	alt	keycode  57 = Meta_space      
keycode  58 =  
keycode  59 = F1               F13              Console_13
	control	keycode  59 = F25
	shift	control	keycode  59 = F37
	alt	keycode  59 = Console_1
	control	alt	keycode  59 = Console_1
keycode  60 = F2               F14              Console_14
	control	keycode  60 = F26
	shift	control	keycode  60 = F38
	alt	keycode  60 = Console_2
	control	alt	keycode  60 = Console_2
keycode  61 = F3               F15              Console_15
	control	keycode  61 = F27
	shift	control	keycode  61 = F39
	alt	keycode  61 = Console_3
	control	alt	keycode  61 = Console_3
keycode  62 = F4               F16              Console_16
	control	keycode  62 = F28
	shift	control	keycode  62 = F40
	alt	keycode  62 = Console_4
	control	alt	keycode  62 = Console_4
keycode  63 = F5               F17              Console_17
	control	keycode  63 = F29
	shift	control	keycode  63 = F41
	alt	keycode  63 = Console_5
	control	alt	keycode  63 = Console_5
keycode  64 = F6               F18              Console_18
	control	keycode  64 = F30
	shift	control	keycode  64 = F42
	alt	keycode  64 = Console_6
	control	alt	keycode  64 = Console_6
keycode  65 = F7               F19              Console_19
	control	keycode  65 = F31
	shift	control	keycode  65 = F43
	alt	keycode  65 = Console_7
	control	alt	keycode  65 = Console_7
keycode  66 = F8               F20              Console_20
	control	keycode  66 = F32
	shift	control	keycode  66 = F44
	alt	keycode  66 = Console_8
	control	alt	keycode  66 = Console_8
keycode  67 = F9               F21              Console_21
	control	keycode  67 = F33
	shift	control	keycode  67 = F45
	alt	keycode  67 = Console_9
	control	alt	keycode  67 = Console_9
keycode  68 = F10              F22              Console_22
	control	keycode  68 = F34
	shift	control	keycode  68 = F46
	alt	keycode  68 = Console_10
	control	alt	keycode  68 = Console_10       
keycode  69 =   
keycode  70 =      
keycode  71 =          
keycode  72 =             
keycode  73 =          
keycode  74 = Next 
	altgr keycode  74 = bracketright
keycode  75 =             
keycode  76 =        
keycode  77 =            
keycode  78 = Prior 
	altgr keycode  78 = bracketleft
keycode  79 =           
keycode  80 =             
keycode  81 =          
keycode  82 =           
keycode  83 =             
keycode  84 =      
keycode  85 =  
keycode  86 =        
keycode  87 = F11              F23              Console_23
	control	keycode  87 = F35
	shift	control	keycode  87 = F47
	alt	keycode  87 = Console_11
	control	alt	keycode  87 = Console_11
keycode  88 = F12              F24              Console_24
	control	keycode  88 = F36
	shift	control	keycode  88 = F48
	alt	keycode  88 = Console_12
	control	alt	keycode  88 = Console_12     
keycode  89 =
keycode  90 =
keycode  91 =
keycode  92 =
keycode  93 =
keycode  94 =
keycode  95 =
keycode  96 =         
keycode  97 =       
keycode  98 =       
keycode  99 = 
keycode 100 =            
keycode 101 =            
keycode 102 = Compose           
keycode 103 = Up              
keycode 104 = Home
	altgr keycode 104 = Prior   
keycode 105 = Left               
keycode 106 = Right             
keycode 107 = Return    VoidSymbol   
	alt keycode 107 = Scroll_Lock
keycode 108 = Down            
keycode 109 = End
	altgr keycode 109 = Next            
keycode 110 =         
keycode 111 =            
keycode 112 =            
keycode 113 =             
keycode 114 =              
keycode 115 =            
keycode 116 = Alt             
keycode 117 =             
keycode 118 =      
keycode 119 =           
keycode 120 =
keycode 121 =
keycode 122 =
keycode 123 =
keycode 124 =
keycode 125 =
keycode 126 =
keycode 127 =
keycode 128 =
keycode 129 =
keycode 130 =
keycode 131 =
keycode 132 =
keycode 133 =
keycode 134 =
keycode 135 =
keycode 136 =
keycode 137 =
keycode 138 =
keycode 139 =
keycode 140 =
keycode 141 =
keycode 142 =
keycode 143 =
keycode 144 =
keycode 145 =
keycode 146 =
keycode 147 =
keycode 148 =
keycode 149 =
keycode 150 =
keycode 151 =
keycode 152 =
keycode 153 =
keycode 154 =
keycode 155 =
keycode 156 =
keycode 157 =
keycode 158 =
keycode 159 =
keycode 160 =
keycode 161 =
keycode 162 =
keycode 163 =
keycode 164 =
keycode 165 =
keycode 166 = bracketright
keycode 167 =
keycode 168 =
keycode 169 =
keycode 170 =
keycode 171 =
keycode 172 =
keycode 173 =
keycode 174 =
keycode 175 =
keycode 176 =
keycode 177 =
keycode 178 =
keycode 179 =
keycode 180 =
keycode 181 =
keycode 182 =
keycode 183 =
keycode 184 =
keycode 185 =
keycode 186 =
keycode 187 =
keycode 188 =
keycode 189 =
keycode 190 =
keycode 191 =
keycode 192 =
keycode 193 =
keycode 194 =
keycode 195 =
keycode 196 =
keycode 197 =
keycode 198 =
keycode 199 =
keycode 200 = bracketleft
keycode 201 =
keycode 202 =
keycode 203 =
keycode 204 =
keycode 205 =
keycode 206 =
keycode 207 =
keycode 208 =
keycode 209 =
keycode 210 =
keycode 211 =
keycode 212 =
keycode 213 =
keycode 214 =
keycode 215 =
keycode 216 =
keycode 217 =
keycode 218 =
keycode 219 =
keycode 220 =
keycode 221 =
keycode 222 =
keycode 223 =
keycode 224 =
keycode 225 =
keycode 226 =
keycode 227 =
keycode 228 =
keycode 229 =
keycode 230 =
keycode 231 =
keycode 232 =
keycode 233 =
keycode 234 =
keycode 235 =
keycode 236 =
keycode 237 =
keycode 238 =
keycode 239 =
keycode 240 =
keycode 241 =
keycode 242 =
keycode 243 =
keycode 244 =
keycode 245 =
keycode 246 =
keycode 247 =
keycode 248 =
keycode 249 =
keycode 250 =
keycode 251 =
keycode 252 =
keycode 253 =
keycode 254 =
keycode 255 =
string F1 = "\033[[A"
string F2 = "\033[[B"
string F3 = "\033[[C"
string F4 = "\033[[D"
string F5 = "\033[[E"
string F6 = "\033[17~"
string F7 = "\033[18~"
string F8 = "\033[19~"
string F9 = "\033[20~"
string F10 = "\033[21~"
string F11 = "\033[23~"
string F12 = "\033[24~"
string F13 = "\033[25~"
string F14 = "\033[26~"
string F15 = "\033[28~"
string F16 = "\033[29~"
string F17 = "\033[31~"
string F18 = "\033[32~"
string F19 = "\033[33~"
string F20 = "\033[34~"
string Find = "\033[1~"
string Insert = "\033[2~"
string Remove = "\033[3~"
string Select = "\033[4~"
string Prior = "\033[5~"
string Next = "\033[6~"
string Macro = "\033[M"
string Pause = "\033[P"
